// Vitest Snapshot v1, https://vitest.dev/guide/snapshot.html

exports[`Screenshot weather card list screenshots > Screenshot card list with day weather data 1`] = `
<DocumentFragment>
  <div
    class="MuiStack-root _stack_44342f css-1i8o3yx-MuiStack-root"
  >
    <div
      class="MuiPaper-root MuiPaper-elevation MuiPaper-rounded MuiPaper-elevation1 MuiCard-root _card_6a843d _card_44342f css-bhp9pd-MuiPaper-root-MuiCard-root"
    >
      <div
        class="MuiCardContent-root _content_6a843d css-46bh2p-MuiCardContent-root"
      >
        <span
          class="MuiTypography-root MuiTypography-caption _date_6a843d css-1sn4lm3-MuiTypography-root"
        >
          Чт, 18 мая
        </span>
        <div
          class="_icon_6a843d"
        >
          <svg
            fill="currentColor"
            height="1em"
            stroke="currentColor"
            stroke-width="0"
            viewBox="0 0 16 16"
            width="1em"
            xmlns="http://www.w3.org/2000/svg"
          >
            <path
              d="M8 12a4 4 0 1 0 0-8 4 4 0 0 0 0 8zM8 0a.5.5 0 0 1 .5.5v2a.5.5 0 0 1-1 0v-2A.5.5 0 0 1 8 0zm0 13a.5.5 0 0 1 .5.5v2a.5.5 0 0 1-1 0v-2A.5.5 0 0 1 8 13zm8-5a.5.5 0 0 1-.5.5h-2a.5.5 0 0 1 0-1h2a.5.5 0 0 1 .5.5zM3 8a.5.5 0 0 1-.5.5h-2a.5.5 0 0 1 0-1h2A.5.5 0 0 1 3 8zm10.657-5.657a.5.5 0 0 1 0 .707l-1.414 1.415a.5.5 0 1 1-.707-.708l1.414-1.414a.5.5 0 0 1 .707 0zm-9.193 9.193a.5.5 0 0 1 0 .707L3.05 13.657a.5.5 0 0 1-.707-.707l1.414-1.414a.5.5 0 0 1 .707 0zm9.193 2.121a.5.5 0 0 1-.707 0l-1.414-1.414a.5.5 0 0 1 .707-.707l1.414 1.414a.5.5 0 0 1 0 .707zM4.464 4.465a.5.5 0 0 1-.707 0L2.343 3.05a.5.5 0 1 1 .707-.707l1.414 1.414a.5.5 0 0 1 0 .708z"
            />
          </svg>
        </div>
        <div
          class="_footer_6a843d"
        >
          <span
            class="MuiTypography-root MuiTypography-caption css-1sn4lm3-MuiTypography-root"
          >
            26°c
          </span>
          <span
            class="MuiTypography-root MuiTypography-caption _after_6a843d css-1sn4lm3-MuiTypography-root"
          >
            14°c
          </span>
        </div>
      </div>
    </div>
    <div
      class="_empty_44342f"
    />
    <div
      class="_empty_44342f"
    />
    <div
      class="_empty_44342f"
    />
    <div
      class="_empty_44342f"
    />
    <div
      class="_empty_44342f"
    />
  </div>
</DocumentFragment>
`;

exports[`Screenshot weather card list screenshots > Screenshot card list with hour weather data 1`] = `
<DocumentFragment>
  <div
    class="MuiStack-root _stack_44342f css-1i8o3yx-MuiStack-root"
  >
    <div
      class="MuiPaper-root MuiPaper-elevation MuiPaper-rounded MuiPaper-elevation1 MuiCard-root _card_6a843d _card_44342f css-bhp9pd-MuiPaper-root-MuiCard-root"
    >
      <div
        class="MuiCardContent-root _content_6a843d css-46bh2p-MuiCardContent-root"
      >
        <span
          class="MuiTypography-root MuiTypography-caption _date_6a843d css-1sn4lm3-MuiTypography-root"
        >
          00:00
        </span>
        <div
          class="_icon_6a843d"
        >
          <svg
            fill="currentColor"
            height="1em"
            stroke="currentColor"
            stroke-width="0"
            viewBox="0 0 16 16"
            width="1em"
            xmlns="http://www.w3.org/2000/svg"
          >
            <path
              d="M8 12a4 4 0 1 0 0-8 4 4 0 0 0 0 8zM8 0a.5.5 0 0 1 .5.5v2a.5.5 0 0 1-1 0v-2A.5.5 0 0 1 8 0zm0 13a.5.5 0 0 1 .5.5v2a.5.5 0 0 1-1 0v-2A.5.5 0 0 1 8 13zm8-5a.5.5 0 0 1-.5.5h-2a.5.5 0 0 1 0-1h2a.5.5 0 0 1 .5.5zM3 8a.5.5 0 0 1-.5.5h-2a.5.5 0 0 1 0-1h2A.5.5 0 0 1 3 8zm10.657-5.657a.5.5 0 0 1 0 .707l-1.414 1.415a.5.5 0 1 1-.707-.708l1.414-1.414a.5.5 0 0 1 .707 0zm-9.193 9.193a.5.5 0 0 1 0 .707L3.05 13.657a.5.5 0 0 1-.707-.707l1.414-1.414a.5.5 0 0 1 .707 0zm9.193 2.121a.5.5 0 0 1-.707 0l-1.414-1.414a.5.5 0 0 1 .707-.707l1.414 1.414a.5.5 0 0 1 0 .707zM4.464 4.465a.5.5 0 0 1-.707 0L2.343 3.05a.5.5 0 1 1 .707-.707l1.414 1.414a.5.5 0 0 1 0 .708z"
            />
          </svg>
        </div>
        <div
          class="_footer_6a843d _footerCenter_6a843d"
        >
          <span
            class="MuiTypography-root MuiTypography-caption css-1sn4lm3-MuiTypography-root"
          >
            15°c
          </span>
        </div>
      </div>
    </div>
    <div
      class="MuiPaper-root MuiPaper-elevation MuiPaper-rounded MuiPaper-elevation1 MuiCard-root _card_6a843d _card_44342f css-bhp9pd-MuiPaper-root-MuiCard-root"
    >
      <div
        class="MuiCardContent-root _content_6a843d css-46bh2p-MuiCardContent-root"
      >
        <span
          class="MuiTypography-root MuiTypography-caption _date_6a843d css-1sn4lm3-MuiTypography-root"
        >
          01:00
        </span>
        <div
          class="_icon_6a843d"
        >
          <svg
            fill="currentColor"
            height="1em"
            stroke="currentColor"
            stroke-width="0"
            viewBox="0 0 16 16"
            width="1em"
            xmlns="http://www.w3.org/2000/svg"
          >
            <path
              d="M8 12a4 4 0 1 0 0-8 4 4 0 0 0 0 8zM8 0a.5.5 0 0 1 .5.5v2a.5.5 0 0 1-1 0v-2A.5.5 0 0 1 8 0zm0 13a.5.5 0 0 1 .5.5v2a.5.5 0 0 1-1 0v-2A.5.5 0 0 1 8 13zm8-5a.5.5 0 0 1-.5.5h-2a.5.5 0 0 1 0-1h2a.5.5 0 0 1 .5.5zM3 8a.5.5 0 0 1-.5.5h-2a.5.5 0 0 1 0-1h2A.5.5 0 0 1 3 8zm10.657-5.657a.5.5 0 0 1 0 .707l-1.414 1.415a.5.5 0 1 1-.707-.708l1.414-1.414a.5.5 0 0 1 .707 0zm-9.193 9.193a.5.5 0 0 1 0 .707L3.05 13.657a.5.5 0 0 1-.707-.707l1.414-1.414a.5.5 0 0 1 .707 0zm9.193 2.121a.5.5 0 0 1-.707 0l-1.414-1.414a.5.5 0 0 1 .707-.707l1.414 1.414a.5.5 0 0 1 0 .707zM4.464 4.465a.5.5 0 0 1-.707 0L2.343 3.05a.5.5 0 1 1 .707-.707l1.414 1.414a.5.5 0 0 1 0 .708z"
            />
          </svg>
        </div>
        <div
          class="_footer_6a843d _footerCenter_6a843d"
        >
          <span
            class="MuiTypography-root MuiTypography-caption css-1sn4lm3-MuiTypography-root"
          >
            15°c
          </span>
        </div>
      </div>
    </div>
    <div
      class="MuiPaper-root MuiPaper-elevation MuiPaper-rounded MuiPaper-elevation1 MuiCard-root _card_6a843d _card_44342f css-bhp9pd-MuiPaper-root-MuiCard-root"
    >
      <div
        class="MuiCardContent-root _content_6a843d css-46bh2p-MuiCardContent-root"
      >
        <span
          class="MuiTypography-root MuiTypography-caption _date_6a843d css-1sn4lm3-MuiTypography-root"
        >
          02:00
        </span>
        <div
          class="_icon_6a843d"
        >
          <svg
            fill="currentColor"
            height="1em"
            stroke="currentColor"
            stroke-width="0"
            viewBox="0 0 16 16"
            width="1em"
            xmlns="http://www.w3.org/2000/svg"
          >
            <path
              d="M8 12a4 4 0 1 0 0-8 4 4 0 0 0 0 8zM8 0a.5.5 0 0 1 .5.5v2a.5.5 0 0 1-1 0v-2A.5.5 0 0 1 8 0zm0 13a.5.5 0 0 1 .5.5v2a.5.5 0 0 1-1 0v-2A.5.5 0 0 1 8 13zm8-5a.5.5 0 0 1-.5.5h-2a.5.5 0 0 1 0-1h2a.5.5 0 0 1 .5.5zM3 8a.5.5 0 0 1-.5.5h-2a.5.5 0 0 1 0-1h2A.5.5 0 0 1 3 8zm10.657-5.657a.5.5 0 0 1 0 .707l-1.414 1.415a.5.5 0 1 1-.707-.708l1.414-1.414a.5.5 0 0 1 .707 0zm-9.193 9.193a.5.5 0 0 1 0 .707L3.05 13.657a.5.5 0 0 1-.707-.707l1.414-1.414a.5.5 0 0 1 .707 0zm9.193 2.121a.5.5 0 0 1-.707 0l-1.414-1.414a.5.5 0 0 1 .707-.707l1.414 1.414a.5.5 0 0 1 0 .707zM4.464 4.465a.5.5 0 0 1-.707 0L2.343 3.05a.5.5 0 1 1 .707-.707l1.414 1.414a.5.5 0 0 1 0 .708z"
            />
          </svg>
        </div>
        <div
          class="_footer_6a843d _footerCenter_6a843d"
        >
          <span
            class="MuiTypography-root MuiTypography-caption css-1sn4lm3-MuiTypography-root"
          >
            14°c
          </span>
        </div>
      </div>
    </div>
    <div
      class="MuiPaper-root MuiPaper-elevation MuiPaper-rounded MuiPaper-elevation1 MuiCard-root _card_6a843d _card_44342f css-bhp9pd-MuiPaper-root-MuiCard-root"
    >
      <div
        class="MuiCardContent-root _content_6a843d css-46bh2p-MuiCardContent-root"
      >
        <span
          class="MuiTypography-root MuiTypography-caption _date_6a843d css-1sn4lm3-MuiTypography-root"
        >
          03:00
        </span>
        <div
          class="_icon_6a843d"
        >
          <svg
            fill="currentColor"
            height="1em"
            stroke="currentColor"
            stroke-width="0"
            viewBox="0 0 16 16"
            width="1em"
            xmlns="http://www.w3.org/2000/svg"
          >
            <path
              d="M8 12a4 4 0 1 0 0-8 4 4 0 0 0 0 8zM8 0a.5.5 0 0 1 .5.5v2a.5.5 0 0 1-1 0v-2A.5.5 0 0 1 8 0zm0 13a.5.5 0 0 1 .5.5v2a.5.5 0 0 1-1 0v-2A.5.5 0 0 1 8 13zm8-5a.5.5 0 0 1-.5.5h-2a.5.5 0 0 1 0-1h2a.5.5 0 0 1 .5.5zM3 8a.5.5 0 0 1-.5.5h-2a.5.5 0 0 1 0-1h2A.5.5 0 0 1 3 8zm10.657-5.657a.5.5 0 0 1 0 .707l-1.414 1.415a.5.5 0 1 1-.707-.708l1.414-1.414a.5.5 0 0 1 .707 0zm-9.193 9.193a.5.5 0 0 1 0 .707L3.05 13.657a.5.5 0 0 1-.707-.707l1.414-1.414a.5.5 0 0 1 .707 0zm9.193 2.121a.5.5 0 0 1-.707 0l-1.414-1.414a.5.5 0 0 1 .707-.707l1.414 1.414a.5.5 0 0 1 0 .707zM4.464 4.465a.5.5 0 0 1-.707 0L2.343 3.05a.5.5 0 1 1 .707-.707l1.414 1.414a.5.5 0 0 1 0 .708z"
            />
          </svg>
        </div>
        <div
          class="_footer_6a843d _footerCenter_6a843d"
        >
          <span
            class="MuiTypography-root MuiTypography-caption css-1sn4lm3-MuiTypography-root"
          >
            14°c
          </span>
        </div>
      </div>
    </div>
    <div
      class="MuiPaper-root MuiPaper-elevation MuiPaper-rounded MuiPaper-elevation1 MuiCard-root _card_6a843d _card_44342f css-bhp9pd-MuiPaper-root-MuiCard-root"
    >
      <div
        class="MuiCardContent-root _content_6a843d css-46bh2p-MuiCardContent-root"
      >
        <span
          class="MuiTypography-root MuiTypography-caption _date_6a843d css-1sn4lm3-MuiTypography-root"
        >
          04:00
        </span>
        <div
          class="_icon_6a843d"
        >
          <svg
            fill="currentColor"
            height="1em"
            stroke="currentColor"
            stroke-width="0"
            viewBox="0 0 16 16"
            width="1em"
            xmlns="http://www.w3.org/2000/svg"
          >
            <path
              d="M8 12a4 4 0 1 0 0-8 4 4 0 0 0 0 8zM8 0a.5.5 0 0 1 .5.5v2a.5.5 0 0 1-1 0v-2A.5.5 0 0 1 8 0zm0 13a.5.5 0 0 1 .5.5v2a.5.5 0 0 1-1 0v-2A.5.5 0 0 1 8 13zm8-5a.5.5 0 0 1-.5.5h-2a.5.5 0 0 1 0-1h2a.5.5 0 0 1 .5.5zM3 8a.5.5 0 0 1-.5.5h-2a.5.5 0 0 1 0-1h2A.5.5 0 0 1 3 8zm10.657-5.657a.5.5 0 0 1 0 .707l-1.414 1.415a.5.5 0 1 1-.707-.708l1.414-1.414a.5.5 0 0 1 .707 0zm-9.193 9.193a.5.5 0 0 1 0 .707L3.05 13.657a.5.5 0 0 1-.707-.707l1.414-1.414a.5.5 0 0 1 .707 0zm9.193 2.121a.5.5 0 0 1-.707 0l-1.414-1.414a.5.5 0 0 1 .707-.707l1.414 1.414a.5.5 0 0 1 0 .707zM4.464 4.465a.5.5 0 0 1-.707 0L2.343 3.05a.5.5 0 1 1 .707-.707l1.414 1.414a.5.5 0 0 1 0 .708z"
            />
          </svg>
        </div>
        <div
          class="_footer_6a843d _footerCenter_6a843d"
        >
          <span
            class="MuiTypography-root MuiTypography-caption css-1sn4lm3-MuiTypography-root"
          >
            14°c
          </span>
        </div>
      </div>
    </div>
    <div
      class="MuiPaper-root MuiPaper-elevation MuiPaper-rounded MuiPaper-elevation1 MuiCard-root _card_6a843d _card_44342f css-bhp9pd-MuiPaper-root-MuiCard-root"
    >
      <div
        class="MuiCardContent-root _content_6a843d css-46bh2p-MuiCardContent-root"
      >
        <span
          class="MuiTypography-root MuiTypography-caption _date_6a843d css-1sn4lm3-MuiTypography-root"
        >
          05:00
        </span>
        <div
          class="_icon_6a843d"
        >
          <svg
            fill="currentColor"
            height="1em"
            stroke="currentColor"
            stroke-width="0"
            viewBox="0 0 16 16"
            width="1em"
            xmlns="http://www.w3.org/2000/svg"
          >
            <path
              d="M8 12a4 4 0 1 0 0-8 4 4 0 0 0 0 8zM8 0a.5.5 0 0 1 .5.5v2a.5.5 0 0 1-1 0v-2A.5.5 0 0 1 8 0zm0 13a.5.5 0 0 1 .5.5v2a.5.5 0 0 1-1 0v-2A.5.5 0 0 1 8 13zm8-5a.5.5 0 0 1-.5.5h-2a.5.5 0 0 1 0-1h2a.5.5 0 0 1 .5.5zM3 8a.5.5 0 0 1-.5.5h-2a.5.5 0 0 1 0-1h2A.5.5 0 0 1 3 8zm10.657-5.657a.5.5 0 0 1 0 .707l-1.414 1.415a.5.5 0 1 1-.707-.708l1.414-1.414a.5.5 0 0 1 .707 0zm-9.193 9.193a.5.5 0 0 1 0 .707L3.05 13.657a.5.5 0 0 1-.707-.707l1.414-1.414a.5.5 0 0 1 .707 0zm9.193 2.121a.5.5 0 0 1-.707 0l-1.414-1.414a.5.5 0 0 1 .707-.707l1.414 1.414a.5.5 0 0 1 0 .707zM4.464 4.465a.5.5 0 0 1-.707 0L2.343 3.05a.5.5 0 1 1 .707-.707l1.414 1.414a.5.5 0 0 1 0 .708z"
            />
          </svg>
        </div>
        <div
          class="_footer_6a843d _footerCenter_6a843d"
        >
          <span
            class="MuiTypography-root MuiTypography-caption css-1sn4lm3-MuiTypography-root"
          >
            15°c
          </span>
        </div>
      </div>
    </div>
    <div
      class="MuiPaper-root MuiPaper-elevation MuiPaper-rounded MuiPaper-elevation1 MuiCard-root _card_6a843d _card_44342f css-bhp9pd-MuiPaper-root-MuiCard-root"
    >
      <div
        class="MuiCardContent-root _content_6a843d css-46bh2p-MuiCardContent-root"
      >
        <span
          class="MuiTypography-root MuiTypography-caption _date_6a843d css-1sn4lm3-MuiTypography-root"
        >
          06:00
        </span>
        <div
          class="_icon_6a843d"
        >
          <svg
            fill="currentColor"
            height="1em"
            stroke="currentColor"
            stroke-width="0"
            viewBox="0 0 16 16"
            width="1em"
            xmlns="http://www.w3.org/2000/svg"
          >
            <path
              d="M8 12a4 4 0 1 0 0-8 4 4 0 0 0 0 8zM8 0a.5.5 0 0 1 .5.5v2a.5.5 0 0 1-1 0v-2A.5.5 0 0 1 8 0zm0 13a.5.5 0 0 1 .5.5v2a.5.5 0 0 1-1 0v-2A.5.5 0 0 1 8 13zm8-5a.5.5 0 0 1-.5.5h-2a.5.5 0 0 1 0-1h2a.5.5 0 0 1 .5.5zM3 8a.5.5 0 0 1-.5.5h-2a.5.5 0 0 1 0-1h2A.5.5 0 0 1 3 8zm10.657-5.657a.5.5 0 0 1 0 .707l-1.414 1.415a.5.5 0 1 1-.707-.708l1.414-1.414a.5.5 0 0 1 .707 0zm-9.193 9.193a.5.5 0 0 1 0 .707L3.05 13.657a.5.5 0 0 1-.707-.707l1.414-1.414a.5.5 0 0 1 .707 0zm9.193 2.121a.5.5 0 0 1-.707 0l-1.414-1.414a.5.5 0 0 1 .707-.707l1.414 1.414a.5.5 0 0 1 0 .707zM4.464 4.465a.5.5 0 0 1-.707 0L2.343 3.05a.5.5 0 1 1 .707-.707l1.414 1.414a.5.5 0 0 1 0 .708z"
            />
          </svg>
        </div>
        <div
          class="_footer_6a843d _footerCenter_6a843d"
        >
          <span
            class="MuiTypography-root MuiTypography-caption css-1sn4lm3-MuiTypography-root"
          >
            17°c
          </span>
        </div>
      </div>
    </div>
    <div
      class="_empty_44342f"
    />
    <div
      class="_empty_44342f"
    />
    <div
      class="_empty_44342f"
    />
    <div
      class="_empty_44342f"
    />
    <div
      class="_empty_44342f"
    />
  </div>
</DocumentFragment>
`;
